Archive member included because of file (symbol)

c:/programs/avr/winavr/bin/../lib/gcc/avr/4.3.3/avr5\libgcc.a(_mulsi3.o)
                              ./fat32.o (__mulsi3)
c:/programs/avr/winavr/bin/../lib/gcc/avr/4.3.3/avr5\libgcc.a(_udivmodqi4.o)
                              ./pcf8583.o (__udivmodqi4)
c:/programs/avr/winavr/bin/../lib/gcc/avr/4.3.3/avr5\libgcc.a(_udivmodsi4.o)
                              ./fat32.o (__udivmodsi4)
c:/programs/avr/winavr/bin/../lib/gcc/avr/4.3.3/avr5\libgcc.a(_exit.o)
                              c:/programs/avr/winavr/bin/../lib/gcc/avr/4.3.3/../../../../avr/lib/avr5/crtm32.o (exit)
c:/programs/avr/winavr/bin/../lib/gcc/avr/4.3.3/avr5\libgcc.a(_copy_data.o)
                              ./fat32.o (__do_copy_data)
c:/programs/avr/winavr/bin/../lib/gcc/avr/4.3.3/avr5\libgcc.a(_clear_bss.o)
                              ./fat32.o (__do_clear_bss)
c:/programs/avr/winavr/bin/../lib/gcc/avr/4.3.3/../../../../avr/lib/avr5\libc.a(strncpy_P.o)
                              ./font.o (strncpy_P)
c:/programs/avr/winavr/bin/../lib/gcc/avr/4.3.3/../../../../avr/lib/avr5\libc.a(strnlen_P.o)
                              ./font.o (strnlen_P)
c:/programs/avr/winavr/bin/../lib/gcc/avr/4.3.3/../../../../avr/lib/avr5\libc.a(iob.o)
                              ./uart.o (__iob)
c:/programs/avr/winavr/bin/../lib/gcc/avr/4.3.3/../../../../avr/lib/avr5\libc.a(printf.o)
                              ./fat32.o (printf)
c:/programs/avr/winavr/bin/../lib/gcc/avr/4.3.3/../../../../avr/lib/avr5\libc.a(putchar.o)
                              ./main.o (putchar)
c:/programs/avr/winavr/bin/../lib/gcc/avr/4.3.3/../../../../avr/lib/avr5\libc.a(puts.o)
                              ./main.o (puts)
c:/programs/avr/winavr/bin/../lib/gcc/avr/4.3.3/../../../../avr/lib/avr5\libc.a(vfprintf_std.o)
                              c:/programs/avr/winavr/bin/../lib/gcc/avr/4.3.3/../../../../avr/lib/avr5\libc.a(printf.o) (vfprintf)
c:/programs/avr/winavr/bin/../lib/gcc/avr/4.3.3/../../../../avr/lib/avr5\libc.a(strnlen.o)
                              c:/programs/avr/winavr/bin/../lib/gcc/avr/4.3.3/../../../../avr/lib/avr5\libc.a(vfprintf_std.o) (strnlen)
c:/programs/avr/winavr/bin/../lib/gcc/avr/4.3.3/../../../../avr/lib/avr5\libc.a(fputc.o)
                              c:/programs/avr/winavr/bin/../lib/gcc/avr/4.3.3/../../../../avr/lib/avr5\libc.a(putchar.o) (fputc)
c:/programs/avr/winavr/bin/../lib/gcc/avr/4.3.3/../../../../avr/lib/avr5\libc.a(ultoa_invert.o)
                              c:/programs/avr/winavr/bin/../lib/gcc/avr/4.3.3/../../../../avr/lib/avr5\libc.a(vfprintf_std.o) (__ultoa_invert)
c:/programs/avr/winavr/bin/../lib/gcc/avr/4.3.3/avr5\libgcc.a(_prologue.o)
                              c:/programs/avr/winavr/bin/../lib/gcc/avr/4.3.3/../../../../avr/lib/avr5\libc.a(printf.o) (__prologue_saves__)
c:/programs/avr/winavr/bin/../lib/gcc/avr/4.3.3/avr5\libgcc.a(_epilogue.o)
                              c:/programs/avr/winavr/bin/../lib/gcc/avr/4.3.3/../../../../avr/lib/avr5\libc.a(printf.o) (__epilogue_restores__)

Allocating common symbols
Common symbol       size              file

READ_byteCounter    0x4               ./main.o
READ_error          0x1               ./main.o
appendFileLocation  0x4               ./fat32.o
READ_k              0x2               ./main.o
firstDataSector     0x4               ./fat32.o
fileSize            0x4               ./fat32.o
bytesPerSector      0x2               ./fat32.o
totalClusters       0x4               ./fat32.o
READ_fileSize       0x4               ./main.o
rootCluster         0x4               ./fat32.o
startBlock          0x4               ./fat32.o
buffer              0x200             ./fat32.o
FontWidth           0x1               ./font.o
sectorPerCluster    0x2               ./fat32.o
unusedSectors       0x4               ./fat32.o
totalBlocks         0x4               ./fat32.o
reservedSectorCount
                    0x2               ./fat32.o
FontHeight          0x1               ./font.o
appendStartCluster  0x4               ./fat32.o
READ_firstSector    0x4               ./main.o
READ_j              0x1               ./main.o
READ_cluster        0x4               ./main.o
freeClusterCountUpdated
                    0x1               ./fat32.o
__iob               0x6               c:/programs/avr/winavr/bin/../lib/gcc/avr/4.3.3/../../../../avr/lib/avr5\libc.a(iob.o)
appendFileSector    0x4               ./fat32.o
FontPointer         0x2               ./font.o

Memory Configuration

Name             Origin             Length             Attributes
text             0x00000000         0x00020000         xr
data             0x00800060         0x0000ffa0         rw !x
eeprom           0x00810000         0x00010000         rw !x
fuse             0x00820000         0x00000400         rw !x
lock             0x00830000         0x00000400         rw !x
signature        0x00840000         0x00000400         rw !x
*default*        0x00000000         0xffffffff

Linker script and memory map

LOAD c:/programs/avr/winavr/bin/../lib/gcc/avr/4.3.3/../../../../avr/lib/avr5/crtm32.o
LOAD ./fat32.o
LOAD ./font.o
LOAD ./graphics.o
LOAD ./i2c.o
LOAD ./main.o
LOAD ./mcp4725.o
LOAD ./pcf8583.o
LOAD ./sd.o
LOAD ./spi.o
LOAD ./ssd1289.o
LOAD ./uart.o
LOAD c:/programs/avr/winavr/bin/../lib/gcc/avr/4.3.3/avr5\libgcc.a
LOAD c:/programs/avr/winavr/bin/../lib/gcc/avr/4.3.3/../../../../avr/lib/avr5\libc.a
LOAD c:/programs/avr/winavr/bin/../lib/gcc/avr/4.3.3/avr5\libgcc.a

.hash
 *(.hash)

.dynsym
 *(.dynsym)

.dynstr
 *(.dynstr)

.gnu.version
 *(.gnu.version)

.gnu.version_d
 *(.gnu.version_d)

.gnu.version_r
 *(.gnu.version_r)

.rel.init
 *(.rel.init)

.rela.init
 *(.rela.init)

.rel.text
 *(.rel.text)
 *(.rel.text.*)
 *(.rel.gnu.linkonce.t*)

.rela.text
 *(.rela.text)
 *(.rela.text.*)
 *(.rela.gnu.linkonce.t*)

.rel.fini
 *(.rel.fini)

.rela.fini
 *(.rela.fini)

.rel.rodata
 *(.rel.rodata)
 *(.rel.rodata.*)
 *(.rel.gnu.linkonce.r*)

.rela.rodata
 *(.rela.rodata)
 *(.rela.rodata.*)
 *(.rela.gnu.linkonce.r*)

.rel.data
 *(.rel.data)
 *(.rel.data.*)
 *(.rel.gnu.linkonce.d*)

.rela.data
 *(.rela.data)
 *(.rela.data.*)
 *(.rela.gnu.linkonce.d*)

.rel.ctors
 *(.rel.ctors)

.rela.ctors
 *(.rela.ctors)

.rel.dtors
 *(.rel.dtors)

.rela.dtors
 *(.rela.dtors)

.rel.got
 *(.rel.got)

.rela.got
 *(.rela.got)

.rel.bss
 *(.rel.bss)

.rela.bss
 *(.rela.bss)

.rel.plt
 *(.rel.plt)

.rela.plt
 *(.rela.plt)

.text           0x00000000     0x4bd2
 *(.vectors)
 .vectors       0x00000000       0x54 c:/programs/avr/winavr/bin/../lib/gcc/avr/4.3.3/../../../../avr/lib/avr5/crtm32.o
                0x00000000                __vectors
                0x00000000                __vector_default
 *(.vectors)
 *(.progmem.gcc*)
 *(.progmem*)
 .progmem.data  0x00000054      0x16d ./fat32.o
 .progmem.data  0x000001c1      0xb37 ./main.o
                0x000001c1                ft10x20
 .progmem.data  0x00000cf8        0xf ./sd.o
                0x00000d08                . = ALIGN (0x2)
 *fill*         0x00000d07        0x1 00
                0x00000d08                __trampolines_start = .
 *(.trampolines)
 .trampolines   0x00000d08        0x0 linker stubs
 *(.trampolines*)
                0x00000d08                __trampolines_end = .
 *(.jumptables)
 *(.jumptables*)
 *(.lowtext)
 *(.lowtext*)
                0x00000d08                __ctors_start = .
 *(.ctors)
                0x00000d08                __ctors_end = .
                0x00000d08                __dtors_start = .
 *(.dtors)
                0x00000d08                __dtors_end = .
 SORT(*)(.ctors)
 SORT(*)(.dtors)
 *(.init0)
 .init0         0x00000d08        0x0 c:/programs/avr/winavr/bin/../lib/gcc/avr/4.3.3/../../../../avr/lib/avr5/crtm32.o
                0x00000d08                __init
 *(.init0)
 *(.init1)
 *(.init1)
 *(.init2)
 .init2         0x00000d08        0xc c:/programs/avr/winavr/bin/../lib/gcc/avr/4.3.3/../../../../avr/lib/avr5/crtm32.o
 *(.init2)
 *(.init3)
 *(.init3)
 *(.init4)
 .init4         0x00000d14       0x16 c:/programs/avr/winavr/bin/../lib/gcc/avr/4.3.3/avr5\libgcc.a(_copy_data.o)
                0x00000d14                __do_copy_data
 .init4         0x00000d2a       0x10 c:/programs/avr/winavr/bin/../lib/gcc/avr/4.3.3/avr5\libgcc.a(_clear_bss.o)
                0x00000d2a                __do_clear_bss
 *(.init4)
 *(.init5)
 *(.init5)
 *(.init6)
 *(.init6)
 *(.init7)
 *(.init7)
 *(.init8)
 *(.init8)
 *(.init9)
 .init9         0x00000d3a        0x8 c:/programs/avr/winavr/bin/../lib/gcc/avr/4.3.3/../../../../avr/lib/avr5/crtm32.o
 *(.init9)
 *(.text)
 .text          0x00000d42        0x4 c:/programs/avr/winavr/bin/../lib/gcc/avr/4.3.3/../../../../avr/lib/avr5/crtm32.o
                0x00000d42                __vector_1
                0x00000d42                __vector_12
                0x00000d42                __bad_interrupt
                0x00000d42                __vector_6
                0x00000d42                __vector_3
                0x00000d42                __vector_11
                0x00000d42                __vector_13
                0x00000d42                __vector_17
                0x00000d42                __vector_19
                0x00000d42                __vector_7
                0x00000d42                __vector_5
                0x00000d42                __vector_4
                0x00000d42                __vector_9
                0x00000d42                __vector_2
                0x00000d42                __vector_15
                0x00000d42                __vector_8
                0x00000d42                __vector_14
                0x00000d42                __vector_10
                0x00000d42                __vector_16
                0x00000d42                __vector_18
                0x00000d42                __vector_20
 .text          0x00000d46     0x16c6 ./fat32.o
                0x0000151a                getSetNextCluster
                0x00001b38                readFile
                0x00001132                memoryStatistics
                0x000019ec                convertFileName
                0x00000f62                getSetFreeCluster
                0x00001b1c                deleteFile
                0x00000e4e                searchNextFreeCluster
                0x00001cda                writeFile
                0x00001070                freeMemoryUpdate
                0x0000134e                getBootSectorData
                0x00001614                findFiles
                0x00000d46                getFirstSector
                0x00000d90                displayMemory
 .text          0x0000240c      0x924 ./font.o
                0x000029a8                PutByte
                0x00002428                CalcTextWidth
                0x0000240c                LcdFont
                0x00002ab0                TextBox
                0x00002a16                PutText
                0x0000286a                PutLong
                0x000029c6                PutInt
                0x00002c9a                PutTextP
                0x0000251e                PutChar
                0x00002c04                TextBoxP
                0x0000250c                CalcTextHeight
                0x000029e2                PutsP
                0x000029fe                Puts
 .text          0x00002d30      0x7c0 ./graphics.o
                0x00002f3a                CircleFill
                0x00002d30                RectangleFill
                0x00003124                Rectangle
                0x000032fa                Line
 .text          0x000034f0       0xc8 ./i2c.o
                0x00003574                i2c_write
                0x00003524                i2c_start
                0x000034f0                i2c_transmit
                0x0000356c                i2c_stop
                0x00003588                i2c_read
 .text          0x000035b8      0x540 ./main.o
                0x00003926                out_hour_minute_seconds_hseconds_time
                0x000037ec                readImage
                0x0000375e                readOpen
                0x00003990                main
                0x000035d4                selftest
                0x000035b8                out_bcd_byte
                0x00003628                readByte
 .text          0x00003af8       0x30 ./mcp4725.o
                0x00003af8                MCP4725_WriteDAC
 .text          0x00003b28      0x110 ./pcf8583.o
                0x00003b5e                PCF8583_SetTime
                0x00003b3c                dec2bcd
                0x00003bc0                PCF8583_ReadTime
                0x00003b28                bcd2dec
 .text          0x00003c38      0x298 ./sd.o
                0x00003c9e                SD_erase
                0x00003d20                SD_writeSingleBlock
                0x00003c38                SD_sendCommand
                0x00003dca                SD_readSingleBlock
                0x00003e3a                SD_init
 .text          0x00003ed0       0x1e ./spi.o
                0x00003ed8                SPI_transmit
                0x00003ed0                spi_init
                0x00003ee2                SPI_receive
 .text          0x00003eee      0x5a8 ./ssd1289.o
                0x00003eee                LCD_WaitMs
                0x00004430                LCD_DrawImage
                0x00004320                LCD_Clear
                0x00003f78                LCD_InitPort
                0x0000422c                LCD_SetArea
                0x00003f32                LCD_SetReg
                0x00003f0a                LCD_WrCmd
                0x00003f48                LCD_GetReg
                0x00004208                LCD_SetCursor
                0x0000429e                LCD_Rect
                0x00004340                LCD_DrawSymbol
                0x000041b8                LCD_Reset2
                0x00003f20                LCD_WrDat
                0x0000428c                LCD_PutPixel
                0x00003fa6                LCD_Reset
 .text          0x00004496       0x76 ./uart.o
                0x000044dc                uart_receive
                0x000044d4                uart_send
                0x000044f8                uart_send_string
                0x000044b8                uart_init
                0x0000449e                usart_putchar_printf
                0x000044e4                uart_send_string_from_FLASH
                0x00004496                usart_putchar
 .text          0x0000450c        0x0 c:/programs/avr/winavr/bin/../lib/gcc/avr/4.3.3/avr5\libgcc.a(_mulsi3.o)
 .text          0x0000450c        0x0 c:/programs/avr/winavr/bin/../lib/gcc/avr/4.3.3/avr5\libgcc.a(_udivmodqi4.o)
 .text          0x0000450c        0x0 c:/programs/avr/winavr/bin/../lib/gcc/avr/4.3.3/avr5\libgcc.a(_udivmodsi4.o)
 .text          0x0000450c        0x0 c:/programs/avr/winavr/bin/../lib/gcc/avr/4.3.3/avr5\libgcc.a(_exit.o)
 .text          0x0000450c        0x0 c:/programs/avr/winavr/bin/../lib/gcc/avr/4.3.3/avr5\libgcc.a(_copy_data.o)
 .text          0x0000450c        0x0 c:/programs/avr/winavr/bin/../lib/gcc/avr/4.3.3/avr5\libgcc.a(_clear_bss.o)
 .text          0x0000450c        0x0 c:/programs/avr/winavr/bin/../lib/gcc/avr/4.3.3/../../../../avr/lib/avr5\libc.a(strncpy_P.o)
 .text          0x0000450c        0x0 c:/programs/avr/winavr/bin/../lib/gcc/avr/4.3.3/../../../../avr/lib/avr5\libc.a(strnlen_P.o)
 .text          0x0000450c        0x0 c:/programs/avr/winavr/bin/../lib/gcc/avr/4.3.3/../../../../avr/lib/avr5\libc.a(iob.o)
 .text          0x0000450c        0x0 c:/programs/avr/winavr/bin/../lib/gcc/avr/4.3.3/../../../../avr/lib/avr5\libc.a(printf.o)
 .text          0x0000450c        0x0 c:/programs/avr/winavr/bin/../lib/gcc/avr/4.3.3/../../../../avr/lib/avr5\libc.a(putchar.o)
 .text          0x0000450c        0x0 c:/programs/avr/winavr/bin/../lib/gcc/avr/4.3.3/../../../../avr/lib/avr5\libc.a(puts.o)
 .text          0x0000450c        0x0 c:/programs/avr/winavr/bin/../lib/gcc/avr/4.3.3/../../../../avr/lib/avr5\libc.a(vfprintf_std.o)
 .text          0x0000450c        0x0 c:/programs/avr/winavr/bin/../lib/gcc/avr/4.3.3/../../../../avr/lib/avr5\libc.a(strnlen.o)
 .text          0x0000450c        0x0 c:/programs/avr/winavr/bin/../lib/gcc/avr/4.3.3/../../../../avr/lib/avr5\libc.a(fputc.o)
 .text          0x0000450c        0x0 c:/programs/avr/winavr/bin/../lib/gcc/avr/4.3.3/../../../../avr/lib/avr5\libc.a(ultoa_invert.o)
 .text          0x0000450c        0x0 c:/programs/avr/winavr/bin/../lib/gcc/avr/4.3.3/avr5\libgcc.a(_prologue.o)
 .text          0x0000450c        0x0 c:/programs/avr/winavr/bin/../lib/gcc/avr/4.3.3/avr5\libgcc.a(_epilogue.o)
                0x0000450c                . = ALIGN (0x2)
 *(.text.*)
 .text.libgcc   0x0000450c       0x3e c:/programs/avr/winavr/bin/../lib/gcc/avr/4.3.3/avr5\libgcc.a(_mulsi3.o)
                0x0000450c                __mulsi3
 .text.libgcc   0x0000454a       0x18 c:/programs/avr/winavr/bin/../lib/gcc/avr/4.3.3/avr5\libgcc.a(_udivmodqi4.o)
                0x0000454a                __udivmodqi4
 .text.libgcc   0x00004562       0x44 c:/programs/avr/winavr/bin/../lib/gcc/avr/4.3.3/avr5\libgcc.a(_udivmodsi4.o)
                0x00004562                __udivmodsi4
 .text.libgcc   0x000045a6        0x0 c:/programs/avr/winavr/bin/../lib/gcc/avr/4.3.3/avr5\libgcc.a(_exit.o)
 .text.libgcc   0x000045a6        0x0 c:/programs/avr/winavr/bin/../lib/gcc/avr/4.3.3/avr5\libgcc.a(_copy_data.o)
 .text.libgcc   0x000045a6        0x0 c:/programs/avr/winavr/bin/../lib/gcc/avr/4.3.3/avr5\libgcc.a(_clear_bss.o)
 .text.avr-libc
                0x000045a6       0x1e c:/programs/avr/winavr/bin/../lib/gcc/avr/4.3.3/../../../../avr/lib/avr5\libc.a(strncpy_P.o)
                0x000045a6                strncpy_P
 .text.avr-libc
                0x000045c4       0x16 c:/programs/avr/winavr/bin/../lib/gcc/avr/4.3.3/../../../../avr/lib/avr5\libc.a(strnlen_P.o)
                0x000045c4                strnlen_P
 .text.avr-libc
                0x000045da       0x2a c:/programs/avr/winavr/bin/../lib/gcc/avr/4.3.3/../../../../avr/lib/avr5\libc.a(printf.o)
                0x000045da                printf
 .text.avr-libc
                0x00004604        0xe c:/programs/avr/winavr/bin/../lib/gcc/avr/4.3.3/../../../../avr/lib/avr5\libc.a(putchar.o)
                0x00004604                putchar
 .text.avr-libc
                0x00004612       0x6a c:/programs/avr/winavr/bin/../lib/gcc/avr/4.3.3/../../../../avr/lib/avr5\libc.a(puts.o)
                0x00004612                puts
 .text.avr-libc
                0x0000467c      0x3ba c:/programs/avr/winavr/bin/../lib/gcc/avr/4.3.3/../../../../avr/lib/avr5\libc.a(vfprintf_std.o)
                0x0000467c                vfprintf
 .text.avr-libc
                0x00004a36       0x16 c:/programs/avr/winavr/bin/../lib/gcc/avr/4.3.3/../../../../avr/lib/avr5\libc.a(strnlen.o)
                0x00004a36                strnlen
 .text.avr-libc
                0x00004a4c       0x58 c:/programs/avr/winavr/bin/../lib/gcc/avr/4.3.3/../../../../avr/lib/avr5\libc.a(fputc.o)
                0x00004a4c                fputc
 .text.avr-libc
                0x00004aa4       0xbc c:/programs/avr/winavr/bin/../lib/gcc/avr/4.3.3/../../../../avr/lib/avr5\libc.a(ultoa_invert.o)
                0x00004aa4                __ultoa_invert
 .text.libgcc   0x00004b60       0x38 c:/programs/avr/winavr/bin/../lib/gcc/avr/4.3.3/avr5\libgcc.a(_prologue.o)
                0x00004b60                __prologue_saves__
 .text.libgcc   0x00004b98       0x36 c:/programs/avr/winavr/bin/../lib/gcc/avr/4.3.3/avr5\libgcc.a(_epilogue.o)
                0x00004b98                __epilogue_restores__
                0x00004bce                . = ALIGN (0x2)
 *(.fini9)
 .fini9         0x00004bce        0x0 c:/programs/avr/winavr/bin/../lib/gcc/avr/4.3.3/avr5\libgcc.a(_exit.o)
                0x00004bce                exit
                0x00004bce                _exit
 *(.fini9)
 *(.fini8)
 *(.fini8)
 *(.fini7)
 *(.fini7)
 *(.fini6)
 *(.fini6)
 *(.fini5)
 *(.fini5)
 *(.fini4)
 *(.fini4)
 *(.fini3)
 *(.fini3)
 *(.fini2)
 *(.fini2)
 *(.fini1)
 *(.fini1)
 *(.fini0)
 .fini0         0x00004bce        0x4 c:/programs/avr/winavr/bin/../lib/gcc/avr/4.3.3/avr5\libgcc.a(_exit.o)
 *(.fini0)
                0x00004bd2                _etext = .

.data           0x00800060       0x7a load address 0x00004bd2
                0x00800060                PROVIDE (__data_start, .)
 *(.data)
 .data          0x00800060        0x0 c:/programs/avr/winavr/bin/../lib/gcc/avr/4.3.3/../../../../avr/lib/avr5/crtm32.o
 .data          0x00800060       0x29 ./fat32.o
 .data          0x00800089        0x5 ./font.o
                0x0080008c                FontYScale
                0x0080008b                FontXScale
                0x0080008d                FontSpace
                0x00800089                BkColor
 .data          0x0080008e        0x0 ./graphics.o
 .data          0x0080008e        0x0 ./i2c.o
 .data          0x0080008e       0x3c ./main.o
 .data          0x008000ca        0x0 ./mcp4725.o
 .data          0x008000ca        0x0 ./pcf8583.o
 .data          0x008000ca        0x0 ./sd.o
 .data          0x008000ca        0x0 ./spi.o
 .data          0x008000ca        0x2 ./ssd1289.o
                0x008000ca                _color
 .data          0x008000cc        0xe ./uart.o
 .data          0x008000da        0x0 c:/programs/avr/winavr/bin/../lib/gcc/avr/4.3.3/avr5\libgcc.a(_mulsi3.o)
 .data          0x008000da        0x0 c:/programs/avr/winavr/bin/../lib/gcc/avr/4.3.3/avr5\libgcc.a(_udivmodqi4.o)
 .data          0x008000da        0x0 c:/programs/avr/winavr/bin/../lib/gcc/avr/4.3.3/avr5\libgcc.a(_udivmodsi4.o)
 .data          0x008000da        0x0 c:/programs/avr/winavr/bin/../lib/gcc/avr/4.3.3/avr5\libgcc.a(_exit.o)
 .data          0x008000da        0x0 c:/programs/avr/winavr/bin/../lib/gcc/avr/4.3.3/avr5\libgcc.a(_copy_data.o)
 .data          0x008000da        0x0 c:/programs/avr/winavr/bin/../lib/gcc/avr/4.3.3/avr5\libgcc.a(_clear_bss.o)
 .data          0x008000da        0x0 c:/programs/avr/winavr/bin/../lib/gcc/avr/4.3.3/../../../../avr/lib/avr5\libc.a(strncpy_P.o)
 .data          0x008000da        0x0 c:/programs/avr/winavr/bin/../lib/gcc/avr/4.3.3/../../../../avr/lib/avr5\libc.a(strnlen_P.o)
 .data          0x008000da        0x0 c:/programs/avr/winavr/bin/../lib/gcc/avr/4.3.3/../../../../avr/lib/avr5\libc.a(iob.o)
 .data          0x008000da        0x0 c:/programs/avr/winavr/bin/../lib/gcc/avr/4.3.3/../../../../avr/lib/avr5\libc.a(printf.o)
 .data          0x008000da        0x0 c:/programs/avr/winavr/bin/../lib/gcc/avr/4.3.3/../../../../avr/lib/avr5\libc.a(putchar.o)
 .data          0x008000da        0x0 c:/programs/avr/winavr/bin/../lib/gcc/avr/4.3.3/../../../../avr/lib/avr5\libc.a(puts.o)
 .data          0x008000da        0x0 c:/programs/avr/winavr/bin/../lib/gcc/avr/4.3.3/../../../../avr/lib/avr5\libc.a(vfprintf_std.o)
 .data          0x008000da        0x0 c:/programs/avr/winavr/bin/../lib/gcc/avr/4.3.3/../../../../avr/lib/avr5\libc.a(strnlen.o)
 .data          0x008000da        0x0 c:/programs/avr/winavr/bin/../lib/gcc/avr/4.3.3/../../../../avr/lib/avr5\libc.a(fputc.o)
 .data          0x008000da        0x0 c:/programs/avr/winavr/bin/../lib/gcc/avr/4.3.3/../../../../avr/lib/avr5\libc.a(ultoa_invert.o)
 .data          0x008000da        0x0 c:/programs/avr/winavr/bin/../lib/gcc/avr/4.3.3/avr5\libgcc.a(_prologue.o)
 .data          0x008000da        0x0 c:/programs/avr/winavr/bin/../lib/gcc/avr/4.3.3/avr5\libgcc.a(_epilogue.o)
 *(.data*)
 *(.rodata)
 *(.rodata*)
 *(.gnu.linkonce.d*)
                0x008000da                . = ALIGN (0x2)
                0x008000da                _edata = .
                0x008000da                PROVIDE (__data_end, .)

.bss            0x008000da      0x256
                0x008000da                PROVIDE (__bss_start, .)
 *(.bss)
 .bss           0x008000da        0x0 c:/programs/avr/winavr/bin/../lib/gcc/avr/4.3.3/../../../../avr/lib/avr5/crtm32.o
 .bss           0x008000da        0x0 ./fat32.o
 .bss           0x008000da        0x9 ./font.o
                0x008000da                rot
                0x008000de                NonTransparence
                0x008000dd                FontFixed
                0x008000df                cursorX
                0x008000e1                cursorY
                0x008000db                FgColor
 .bss           0x008000e3        0x0 ./graphics.o
 .bss           0x008000e3        0x0 ./i2c.o
 .bss           0x008000e3        0x0 ./main.o
 .bss           0x008000e3        0x0 ./mcp4725.o
 .bss           0x008000e3        0x0 ./pcf8583.o
 .bss           0x008000e3        0x0 ./sd.o
 .bss           0x008000e3        0x0 ./spi.o
 .bss           0x008000e3        0x0 ./ssd1289.o
 .bss           0x008000e3        0x0 ./uart.o
 .bss           0x008000e3        0x0 c:/programs/avr/winavr/bin/../lib/gcc/avr/4.3.3/avr5\libgcc.a(_mulsi3.o)
 .bss           0x008000e3        0x0 c:/programs/avr/winavr/bin/../lib/gcc/avr/4.3.3/avr5\libgcc.a(_udivmodqi4.o)
 .bss           0x008000e3        0x0 c:/programs/avr/winavr/bin/../lib/gcc/avr/4.3.3/avr5\libgcc.a(_udivmodsi4.o)
 .bss           0x008000e3        0x0 c:/programs/avr/winavr/bin/../lib/gcc/avr/4.3.3/avr5\libgcc.a(_exit.o)
 .bss           0x008000e3        0x0 c:/programs/avr/winavr/bin/../lib/gcc/avr/4.3.3/avr5\libgcc.a(_copy_data.o)
 .bss           0x008000e3        0x0 c:/programs/avr/winavr/bin/../lib/gcc/avr/4.3.3/avr5\libgcc.a(_clear_bss.o)
 .bss           0x008000e3        0x0 c:/programs/avr/winavr/bin/../lib/gcc/avr/4.3.3/../../../../avr/lib/avr5\libc.a(strncpy_P.o)
 .bss           0x008000e3        0x0 c:/programs/avr/winavr/bin/../lib/gcc/avr/4.3.3/../../../../avr/lib/avr5\libc.a(strnlen_P.o)
 .bss           0x008000e3        0x0 c:/programs/avr/winavr/bin/../lib/gcc/avr/4.3.3/../../../../avr/lib/avr5\libc.a(iob.o)
 .bss           0x008000e3        0x0 c:/programs/avr/winavr/bin/../lib/gcc/avr/4.3.3/../../../../avr/lib/avr5\libc.a(printf.o)
 .bss           0x008000e3        0x0 c:/programs/avr/winavr/bin/../lib/gcc/avr/4.3.3/../../../../avr/lib/avr5\libc.a(putchar.o)
 .bss           0x008000e3        0x0 c:/programs/avr/winavr/bin/../lib/gcc/avr/4.3.3/../../../../avr/lib/avr5\libc.a(puts.o)
 .bss           0x008000e3        0x0 c:/programs/avr/winavr/bin/../lib/gcc/avr/4.3.3/../../../../avr/lib/avr5\libc.a(vfprintf_std.o)
 .bss           0x008000e3        0x0 c:/programs/avr/winavr/bin/../lib/gcc/avr/4.3.3/../../../../avr/lib/avr5\libc.a(strnlen.o)
 .bss           0x008000e3        0x0 c:/programs/avr/winavr/bin/../lib/gcc/avr/4.3.3/../../../../avr/lib/avr5\libc.a(fputc.o)
 .bss           0x008000e3        0x0 c:/programs/avr/winavr/bin/../lib/gcc/avr/4.3.3/../../../../avr/lib/avr5\libc.a(ultoa_invert.o)
 .bss           0x008000e3        0x0 c:/programs/avr/winavr/bin/../lib/gcc/avr/4.3.3/avr5\libgcc.a(_prologue.o)
 .bss           0x008000e3        0x0 c:/programs/avr/winavr/bin/../lib/gcc/avr/4.3.3/avr5\libgcc.a(_epilogue.o)
 *(.bss*)
 *(COMMON)
 COMMON         0x008000e3      0x22f ./fat32.o
                0x008000e3                appendFileLocation
                0x008000e7                firstDataSector
                0x008000eb                fileSize
                0x008000ef                bytesPerSector
                0x008000f1                totalClusters
                0x008000f5                rootCluster
                0x008000f9                startBlock
                0x008000fd                buffer
                0x008002fd                sectorPerCluster
                0x008002ff                unusedSectors
                0x00800303                totalBlocks
                0x00800307                reservedSectorCount
                0x00800309                appendStartCluster
                0x0080030d                freeClusterCountUpdated
                0x0080030e                appendFileSector
 COMMON         0x00800312        0x4 ./font.o
                0x00800312                FontWidth
                0x00800313                FontHeight
                0x00800314                FontPointer
 COMMON         0x00800316       0x14 ./main.o
                0x00800316                READ_byteCounter
                0x0080031a                READ_error
                0x0080031b                READ_k
                0x0080031d                READ_fileSize
                0x00800321                READ_firstSector
                0x00800325                READ_j
                0x00800326                READ_cluster
 COMMON         0x0080032a        0x6 c:/programs/avr/winavr/bin/../lib/gcc/avr/4.3.3/../../../../avr/lib/avr5\libc.a(iob.o)
                0x0080032a                __iob
                0x00800330                PROVIDE (__bss_end, .)
                0x00004bd2                __data_load_start = LOADADDR (.data)
                0x00004c4c                __data_load_end = (__data_load_start + SIZEOF (.data))

.noinit         0x00800330        0x0
                0x00800330                PROVIDE (__noinit_start, .)
 *(.noinit*)
                0x00800330                PROVIDE (__noinit_end, .)
                0x00800330                _end = .
                0x00800330                PROVIDE (__heap_start, .)

.eeprom         0x00810000        0x0
 *(.eeprom*)
                0x00810000                __eeprom_end = .

.fuse
 *(.fuse)
 *(.lfuse)
 *(.hfuse)
 *(.efuse)

.lock
 *(.lock*)

.signature
 *(.signature*)

.stab
 *(.stab)

.stabstr
 *(.stabstr)

.stab.excl
 *(.stab.excl)

.stab.exclstr
 *(.stab.exclstr)

.stab.index
 *(.stab.index)

.stab.indexstr
 *(.stab.indexstr)

.comment
 *(.comment)

.debug
 *(.debug)

.line
 *(.line)

.debug_srcinfo
 *(.debug_srcinfo)

.debug_sfnames
 *(.debug_sfnames)

.debug_aranges
 *(.debug_aranges)

.debug_pubnames
 *(.debug_pubnames)

.debug_info
 *(.debug_info)
 *(.gnu.linkonce.wi.*)

.debug_abbrev
 *(.debug_abbrev)

.debug_line
 *(.debug_line)

.debug_frame
 *(.debug_frame)

.debug_str
 *(.debug_str)

.debug_loc
 *(.debug_loc)

.debug_macinfo
 *(.debug_macinfo)
OUTPUT(Rejestrator.elf elf32-avr)
LOAD linker stubs
