Archive member included because of file (symbol)

c:/programs/avrtoolchain/bin/../lib/gcc/avr/5.4.0/avr5\libgcc.a(_mulsi3.o)
                              ./fat32.o (__mulsi3)
c:/programs/avrtoolchain/bin/../lib/gcc/avr/5.4.0/avr5\libgcc.a(_udivmodqi4.o)
                              ./pcf8583.o (__udivmodqi4)
c:/programs/avrtoolchain/bin/../lib/gcc/avr/5.4.0/avr5\libgcc.a(_udivmodsi4.o)
                              ./fat32.o (__udivmodsi4)
c:/programs/avrtoolchain/bin/../lib/gcc/avr/5.4.0/avr5\libgcc.a(_exit.o)
                              c:/programs/avrtoolchain/bin/../lib/gcc/avr/5.4.0/../../../../avr/lib/avr5/crtatmega32.o (exit)
c:/programs/avrtoolchain/bin/../lib/gcc/avr/5.4.0/avr5\libgcc.a(_copy_data.o)
                              ./fat32.o (__do_copy_data)
c:/programs/avrtoolchain/bin/../lib/gcc/avr/5.4.0/avr5\libgcc.a(_clear_bss.o)
                              ./fat32.o (__do_clear_bss)
c:/programs/avrtoolchain/bin/../lib/gcc/avr/5.4.0/avr5\libgcc.a(_umulhisi3.o)
                              ./fat32.o (__umulhisi3)
c:/programs/avrtoolchain/bin/../lib/gcc/avr/5.4.0/avr5\libgcc.a(_muluhisi3.o)
                              ./fat32.o (__muluhisi3)
c:/programs/avrtoolchain/bin/../lib/gcc/avr/5.4.0/../../../../avr/lib/avr5\libc.a(strncpy_P.o)
                              ./font.o (strncpy_P)
c:/programs/avrtoolchain/bin/../lib/gcc/avr/5.4.0/../../../../avr/lib/avr5\libc.a(strnlen_P.o)
                              ./font.o (strnlen_P)
c:/programs/avrtoolchain/bin/../lib/gcc/avr/5.4.0/../../../../avr/lib/avr5\libc.a(iob.o)
                              ./uart.o (__iob)
c:/programs/avrtoolchain/bin/../lib/gcc/avr/5.4.0/../../../../avr/lib/avr5\libc.a(printf.o)
                              ./fat32.o (printf)
c:/programs/avrtoolchain/bin/../lib/gcc/avr/5.4.0/../../../../avr/lib/avr5\libc.a(putchar.o)
                              ./main.o (putchar)
c:/programs/avrtoolchain/bin/../lib/gcc/avr/5.4.0/../../../../avr/lib/avr5\libc.a(puts.o)
                              ./main.o (puts)
c:/programs/avrtoolchain/bin/../lib/gcc/avr/5.4.0/../../../../avr/lib/avr5\libc.a(vfprintf_std.o)
                              c:/programs/avrtoolchain/bin/../lib/gcc/avr/5.4.0/../../../../avr/lib/avr5\libc.a(printf.o) (vfprintf)
c:/programs/avrtoolchain/bin/../lib/gcc/avr/5.4.0/../../../../avr/lib/avr5\libc.a(strnlen.o)
                              c:/programs/avrtoolchain/bin/../lib/gcc/avr/5.4.0/../../../../avr/lib/avr5\libc.a(vfprintf_std.o) (strnlen)
c:/programs/avrtoolchain/bin/../lib/gcc/avr/5.4.0/../../../../avr/lib/avr5\libc.a(fputc.o)
                              c:/programs/avrtoolchain/bin/../lib/gcc/avr/5.4.0/../../../../avr/lib/avr5\libc.a(putchar.o) (fputc)
c:/programs/avrtoolchain/bin/../lib/gcc/avr/5.4.0/../../../../avr/lib/avr5\libc.a(ultoa_invert.o)
                              c:/programs/avrtoolchain/bin/../lib/gcc/avr/5.4.0/../../../../avr/lib/avr5\libc.a(vfprintf_std.o) (__ultoa_invert)
c:/programs/avrtoolchain/bin/../lib/gcc/avr/5.4.0/avr5\libgcc.a(_prologue.o)
                              c:/programs/avrtoolchain/bin/../lib/gcc/avr/5.4.0/../../../../avr/lib/avr5\libc.a(printf.o) (__prologue_saves__)
c:/programs/avrtoolchain/bin/../lib/gcc/avr/5.4.0/avr5\libgcc.a(_epilogue.o)
                              c:/programs/avrtoolchain/bin/../lib/gcc/avr/5.4.0/../../../../avr/lib/avr5\libc.a(printf.o) (__epilogue_restores__)

Allocating common symbols
Common symbol       size              file

READ_byteCounter    0x4               ./main.o
READ_error          0x1               ./main.o
appendFileLocation  0x4               ./fat32.o
READ_k              0x2               ./main.o
firstDataSector     0x4               ./fat32.o
fileSize            0x4               ./fat32.o
bytesPerSector      0x2               ./fat32.o
totalClusters       0x4               ./fat32.o
READ_fileSize       0x4               ./main.o
rootCluster         0x4               ./fat32.o
startBlock          0x4               ./fat32.o
buffer              0x200             ./fat32.o
FontWidth           0x1               ./font.o
sectorPerCluster    0x2               ./fat32.o
unusedSectors       0x4               ./fat32.o
totalBlocks         0x4               ./fat32.o
reservedSectorCount
                    0x2               ./fat32.o
FontHeight          0x1               ./font.o
appendStartCluster  0x4               ./fat32.o
READ_firstSector    0x4               ./main.o
READ_j              0x1               ./main.o
READ_cluster        0x4               ./main.o
freeClusterCountUpdated
                    0x1               ./fat32.o
__iob               0x6               c:/programs/avrtoolchain/bin/../lib/gcc/avr/5.4.0/../../../../avr/lib/avr5\libc.a(iob.o)
appendFileSector    0x4               ./fat32.o
FontPointer         0x2               ./font.o

Memory Configuration

Name             Origin             Length             Attributes
text             0x00000000         0x00020000         xr
data             0x00800060         0x0000ffa0         rw !x
eeprom           0x00810000         0x00010000         rw !x
fuse             0x00820000         0x00000400         rw !x
lock             0x00830000         0x00000400         rw !x
signature        0x00840000         0x00000400         rw !x
user_signatures  0x00850000         0x00000400         rw !x
*default*        0x00000000         0xffffffff

Linker script and memory map

LOAD c:/programs/avrtoolchain/bin/../lib/gcc/avr/5.4.0/../../../../avr/lib/avr5/crtatmega32.o
LOAD ./fat32.o
LOAD ./font.o
LOAD ./graphics.o
LOAD ./i2c.o
LOAD ./ili9320.o
LOAD ./main.o
LOAD ./mcp4725.o
LOAD ./pcf8583.o
LOAD ./sd.o
LOAD ./spi.o
LOAD ./uart.o
START GROUP
LOAD c:/programs/avrtoolchain/bin/../lib/gcc/avr/5.4.0/avr5\libgcc.a
LOAD c:/programs/avrtoolchain/bin/../lib/gcc/avr/5.4.0/../../../../avr/lib/avr5\libm.a
LOAD c:/programs/avrtoolchain/bin/../lib/gcc/avr/5.4.0/../../../../avr/lib/avr5\libc.a
LOAD c:/programs/avrtoolchain/bin/../lib/gcc/avr/5.4.0/../../../../avr/lib/avr5\libatmega32.a
END GROUP

.hash
 *(.hash)

.dynsym
 *(.dynsym)

.dynstr
 *(.dynstr)

.gnu.version
 *(.gnu.version)

.gnu.version_d
 *(.gnu.version_d)

.gnu.version_r
 *(.gnu.version_r)

.rel.init
 *(.rel.init)

.rela.init
 *(.rela.init)

.rel.text
 *(.rel.text)
 *(.rel.text.*)
 *(.rel.gnu.linkonce.t*)

.rela.text
 *(.rela.text)
 *(.rela.text.*)
 *(.rela.gnu.linkonce.t*)

.rel.fini
 *(.rel.fini)

.rela.fini
 *(.rela.fini)

.rel.rodata
 *(.rel.rodata)
 *(.rel.rodata.*)
 *(.rel.gnu.linkonce.r*)

.rela.rodata
 *(.rela.rodata)
 *(.rela.rodata.*)
 *(.rela.gnu.linkonce.r*)

.rel.data
 *(.rel.data)
 *(.rel.data.*)
 *(.rel.gnu.linkonce.d*)

.rela.data
 *(.rela.data)
 *(.rela.data.*)
 *(.rela.gnu.linkonce.d*)

.rel.ctors
 *(.rel.ctors)

.rela.ctors
 *(.rela.ctors)

.rel.dtors
 *(.rel.dtors)

.rela.dtors
 *(.rela.dtors)

.rel.got
 *(.rel.got)

.rela.got
 *(.rela.got)

.rel.bss
 *(.rel.bss)

.rela.bss
 *(.rela.bss)

.rel.plt
 *(.rel.plt)

.rela.plt
 *(.rela.plt)

.text           0x00000000     0x49b6
 *(.vectors)
 .vectors       0x00000000       0x54 c:/programs/avrtoolchain/bin/../lib/gcc/avr/5.4.0/../../../../avr/lib/avr5/crtatmega32.o
                0x00000000                __vector_default
                0x00000000                __vectors
 *(.vectors)
 *(.progmem.gcc*)
                0x00000054                . = ALIGN (0x2)
                0x00000054                __trampolines_start = .
 *(.trampolines)
 .trampolines   0x00000054        0x0 linker stubs
 *(.trampolines*)
                0x00000054                __trampolines_end = .
 *(.progmem*)
 .progmem.data.__c.2548
                0x00000054        0xf ./fat32.o
 .progmem.data.__c.2541
                0x00000063        0xf ./fat32.o
 .progmem.data.__c.2514
                0x00000072       0x19 ./fat32.o
 .progmem.data.__c.2512
                0x0000008b       0x15 ./fat32.o
 .progmem.data.__c.2504
                0x000000a0        0xf ./fat32.o
 .progmem.data.__c.2499
                0x000000af       0x10 ./fat32.o
 .progmem.data.__c.2496
                0x000000bf       0x12 ./fat32.o
 .progmem.data.__c.2487
                0x000000d1       0x1a ./fat32.o
 .progmem.data.__c.2485
                0x000000eb       0x12 ./fat32.o
 .progmem.data.__c.2483
                0x000000fd       0x11 ./fat32.o
 .progmem.data.__c.2479
                0x0000010e       0x2a ./fat32.o
 .progmem.data.__c.2439
                0x00000138       0x13 ./fat32.o
 .progmem.data.__c.2427
                0x0000014b       0x19 ./fat32.o
 .progmem.data.__c.2406
                0x00000164       0x19 ./fat32.o
 .progmem.data.__c.2398
                0x0000017d        0x5 ./fat32.o
 .progmem.data.__c.2396
                0x00000182        0x4 ./fat32.o
 .progmem.data.__c.2394
                0x00000186        0x4 ./fat32.o
 .progmem.data.__c.2392
                0x0000018a        0x5 ./fat32.o
 .progmem.data.__c.2390
                0x0000018f        0x4 ./fat32.o
 .progmem.data.__c.2384
                0x00000193        0xe ./fat32.o
 .progmem.data.__c.2382
                0x000001a1        0xb ./fat32.o
 .progmem.data.__c.2377
                0x000001ac       0x15 ./fat32.o
 .progmem.data.__c.2562
                0x000001c1       0x11 ./main.o
 .progmem.data.__c.2559
                0x000001d2        0xc ./main.o
 .progmem.data.ft10x20
                0x000001de      0xb1a ./main.o
                0x000001de                ft10x20
 .progmem.data.__c.2240
                0x00000cf8        0xf ./sd.o
                0x00000d08                . = ALIGN (0x2)
 *fill*         0x00000d07        0x1 
 *(.jumptables)
 *(.jumptables*)
 *(.lowtext)
 *(.lowtext*)
                0x00000d08                __ctors_start = .
 *(.ctors)
                0x00000d08                __ctors_end = .
                0x00000d08                __dtors_start = .
 *(.dtors)
                0x00000d08                __dtors_end = .
 SORT(*)(.ctors)
 SORT(*)(.dtors)
 *(.init0)
 .init0         0x00000d08        0x0 c:/programs/avrtoolchain/bin/../lib/gcc/avr/5.4.0/../../../../avr/lib/avr5/crtatmega32.o
                0x00000d08                __init
 *(.init0)
 *(.init1)
 *(.init1)
 *(.init2)
 .init2         0x00000d08        0xc c:/programs/avrtoolchain/bin/../lib/gcc/avr/5.4.0/../../../../avr/lib/avr5/crtatmega32.o
 *(.init2)
 *(.init3)
 *(.init3)
 *(.init4)
 .init4         0x00000d14       0x16 c:/programs/avrtoolchain/bin/../lib/gcc/avr/5.4.0/avr5\libgcc.a(_copy_data.o)
                0x00000d14                __do_copy_data
 .init4         0x00000d2a       0x10 c:/programs/avrtoolchain/bin/../lib/gcc/avr/5.4.0/avr5\libgcc.a(_clear_bss.o)
                0x00000d2a                __do_clear_bss
 *(.init4)
 *(.init5)
 *(.init5)
 *(.init6)
 *(.init6)
 *(.init7)
 *(.init7)
 *(.init8)
 *(.init8)
 *(.init9)
 .init9         0x00000d3a        0x8 c:/programs/avrtoolchain/bin/../lib/gcc/avr/5.4.0/../../../../avr/lib/avr5/crtatmega32.o
 *(.init9)
 *(.text)
 .text          0x00000d42        0x4 c:/programs/avrtoolchain/bin/../lib/gcc/avr/5.4.0/../../../../avr/lib/avr5/crtatmega32.o
                0x00000d42                __vector_1
                0x00000d42                __vector_12
                0x00000d42                __bad_interrupt
                0x00000d42                __vector_6
                0x00000d42                __vector_3
                0x00000d42                __vector_11
                0x00000d42                __vector_13
                0x00000d42                __vector_17
                0x00000d42                __vector_19
                0x00000d42                __vector_7
                0x00000d42                __vector_5
                0x00000d42                __vector_4
                0x00000d42                __vector_9
                0x00000d42                __vector_2
                0x00000d42                __vector_15
                0x00000d42                __vector_8
                0x00000d42                __vector_14
                0x00000d42                __vector_10
                0x00000d42                __vector_16
                0x00000d42                __vector_18
                0x00000d42                __vector_20
 .text          0x00000d46        0x0 ./fat32.o
 .text          0x00000d46        0x0 ./font.o
 .text          0x00000d46        0x0 ./graphics.o
 .text          0x00000d46        0x0 ./i2c.o
 .text          0x00000d46        0x0 ./ili9320.o
 .text          0x00000d46        0x0 ./main.o
 .text          0x00000d46        0x0 ./mcp4725.o
 .text          0x00000d46        0x0 ./pcf8583.o
 .text          0x00000d46        0x0 ./sd.o
 .text          0x00000d46        0x0 ./spi.o
 .text          0x00000d46        0x0 ./uart.o
 .text          0x00000d46        0x0 c:/programs/avrtoolchain/bin/../lib/gcc/avr/5.4.0/avr5\libgcc.a(_mulsi3.o)
 .text          0x00000d46        0x0 c:/programs/avrtoolchain/bin/../lib/gcc/avr/5.4.0/avr5\libgcc.a(_udivmodqi4.o)
 .text          0x00000d46        0x0 c:/programs/avrtoolchain/bin/../lib/gcc/avr/5.4.0/avr5\libgcc.a(_udivmodsi4.o)
 .text          0x00000d46        0x0 c:/programs/avrtoolchain/bin/../lib/gcc/avr/5.4.0/avr5\libgcc.a(_exit.o)
 .text          0x00000d46        0x0 c:/programs/avrtoolchain/bin/../lib/gcc/avr/5.4.0/avr5\libgcc.a(_copy_data.o)
 .text          0x00000d46        0x0 c:/programs/avrtoolchain/bin/../lib/gcc/avr/5.4.0/avr5\libgcc.a(_clear_bss.o)
 .text          0x00000d46        0x0 c:/programs/avrtoolchain/bin/../lib/gcc/avr/5.4.0/avr5\libgcc.a(_umulhisi3.o)
 .text          0x00000d46        0x0 c:/programs/avrtoolchain/bin/../lib/gcc/avr/5.4.0/avr5\libgcc.a(_muluhisi3.o)
 .text          0x00000d46        0x0 c:/programs/avrtoolchain/bin/../lib/gcc/avr/5.4.0/../../../../avr/lib/avr5\libc.a(strncpy_P.o)
 .text          0x00000d46        0x0 c:/programs/avrtoolchain/bin/../lib/gcc/avr/5.4.0/../../../../avr/lib/avr5\libc.a(strnlen_P.o)
 .text          0x00000d46        0x0 c:/programs/avrtoolchain/bin/../lib/gcc/avr/5.4.0/../../../../avr/lib/avr5\libc.a(iob.o)
 .text          0x00000d46        0x0 c:/programs/avrtoolchain/bin/../lib/gcc/avr/5.4.0/../../../../avr/lib/avr5\libc.a(printf.o)
 .text          0x00000d46        0x0 c:/programs/avrtoolchain/bin/../lib/gcc/avr/5.4.0/../../../../avr/lib/avr5\libc.a(putchar.o)
 .text          0x00000d46        0x0 c:/programs/avrtoolchain/bin/../lib/gcc/avr/5.4.0/../../../../avr/lib/avr5\libc.a(puts.o)
 .text          0x00000d46        0x0 c:/programs/avrtoolchain/bin/../lib/gcc/avr/5.4.0/../../../../avr/lib/avr5\libc.a(vfprintf_std.o)
 .text          0x00000d46        0x0 c:/programs/avrtoolchain/bin/../lib/gcc/avr/5.4.0/../../../../avr/lib/avr5\libc.a(strnlen.o)
 .text          0x00000d46        0x0 c:/programs/avrtoolchain/bin/../lib/gcc/avr/5.4.0/../../../../avr/lib/avr5\libc.a(fputc.o)
 .text          0x00000d46        0x0 c:/programs/avrtoolchain/bin/../lib/gcc/avr/5.4.0/../../../../avr/lib/avr5\libc.a(ultoa_invert.o)
 .text          0x00000d46        0x0 c:/programs/avrtoolchain/bin/../lib/gcc/avr/5.4.0/avr5\libgcc.a(_prologue.o)
 .text          0x00000d46        0x0 c:/programs/avrtoolchain/bin/../lib/gcc/avr/5.4.0/avr5\libgcc.a(_epilogue.o)
                0x00000d46                . = ALIGN (0x2)
 *(.text.*)
 .text.getFirstSector
                0x00000d46       0x42 ./fat32.o
                0x00000d46                getFirstSector
 .text.getSetNextCluster
                0x00000d88       0xf0 ./fat32.o
                0x00000d88                getSetNextCluster
 .text.getSetFreeCluster
                0x00000e78      0x10a ./fat32.o
                0x00000e78                getSetFreeCluster
 .text.getBootSectorData
                0x00000f82      0x1a4 ./fat32.o
                0x00000f82                getBootSectorData
 .text.convertFileName
                0x00001126      0x102 ./fat32.o
                0x00001126                convertFileName
 .text.searchNextFreeCluster
                0x00001228       0xfa ./fat32.o
                0x00001228                searchNextFreeCluster
 .text.displayMemory
                0x00001322       0xa6 ./fat32.o
                0x00001322                displayMemory
 .text.memoryStatistics
                0x000013c8      0x208 ./fat32.o
                0x000013c8                memoryStatistics
 .text.freeMemoryUpdate
                0x000015d0       0xc4 ./fat32.o
                0x000015d0                freeMemoryUpdate
 .text.findFiles
                0x00001694      0x346 ./fat32.o
                0x00001694                findFiles
 .text.readFile
                0x000019da      0x184 ./fat32.o
                0x000019da                readFile
 .text.deleteFile
                0x00001b5e       0x20 ./fat32.o
                0x00001b5e                deleteFile
 .text.writeFile
                0x00001b7e      0x722 ./fat32.o
                0x00001b7e                writeFile
 .text.LcdFont  0x000022a0       0x1e ./font.o
                0x000022a0                LcdFont
 .text.PutChar  0x000022be      0x300 ./font.o
                0x000022be                PutChar
 .text.CalcTextWidth
                0x000025be       0xa2 ./font.o
                0x000025be                CalcTextWidth
 .text.CalcTextHeight
                0x00002660       0x10 ./font.o
                0x00002660                CalcTextHeight
 .text.Puts     0x00002670       0x18 ./font.o
                0x00002670                Puts
 .text.PutsP    0x00002688       0x1e ./font.o
                0x00002688                PutsP
 .text.PutLong  0x000026a6       0xfe ./font.o
                0x000026a6                PutLong
 .text.PutInt   0x000027a4       0x18 ./font.o
                0x000027a4                PutInt
 .text.PutByte  0x000027bc       0x1a ./font.o
                0x000027bc                PutByte
 .text.PutText  0x000027d6       0x92 ./font.o
                0x000027d6                PutText
 .text.PutTextP
                0x00002868       0x8c ./font.o
                0x00002868                PutTextP
 .text.TextBox  0x000028f4      0x130 ./font.o
                0x000028f4                TextBox
 .text.TextBoxP
                0x00002a24       0x8c ./font.o
                0x00002a24                TextBoxP
 .text.Line     0x00002ab0      0x236 ./graphics.o
                0x00002ab0                Line
 .text.Rectangle
                0x00002ce6      0x1de ./graphics.o
                0x00002ce6                Rectangle
 .text.RectangleFill
                0x00002ec4      0x1da ./graphics.o
                0x00002ec4                RectangleFill
 .text.CircleFill
                0x0000309e      0x202 ./graphics.o
                0x0000309e                CircleFill
 .text.i2c_transmit.part.0
                0x000032a0        0xc ./i2c.o
 .text.i2c_transmit
                0x000032ac       0x28 ./i2c.o
                0x000032ac                i2c_transmit
 .text.i2c_start
                0x000032d4       0x58 ./i2c.o
                0x000032d4                i2c_start
 .text.i2c_stop
                0x0000332c        0x6 ./i2c.o
                0x0000332c                i2c_stop
 .text.i2c_write
                0x00003332       0x18 ./i2c.o
                0x00003332                i2c_write
 .text.i2c_read
                0x0000334a       0x32 ./i2c.o
                0x0000334a                i2c_read
 .text.LCD_WaitMs
                0x0000337c       0x14 ./ili9320.o
                0x0000337c                LCD_WaitMs
 .text.LCD_WrCmd
                0x00003390       0x16 ./ili9320.o
                0x00003390                LCD_WrCmd
 .text.LCD_WrDat
                0x000033a6       0x12 ./ili9320.o
                0x000033a6                LCD_WrDat
 .text.LCD_SetReg
                0x000033b8       0x14 ./ili9320.o
                0x000033b8                LCD_SetReg
 .text.LCD_GetReg
                0x000033cc       0x2c ./ili9320.o
                0x000033cc                LCD_GetReg
 .text.LCD_InitPort
                0x000033f8       0x2c ./ili9320.o
                0x000033f8                LCD_InitPort
 .text.LCD_Reset
                0x00003424      0x312 ./ili9320.o
                0x00003424                LCD_Reset
 .text.LCD_Reset2
                0x00003736       0x4e ./ili9320.o
                0x00003736                LCD_Reset2
 .text.LCD_SetCursor
                0x00003784       0x20 ./ili9320.o
                0x00003784                LCD_SetCursor
 .text.LCD_SetArea
                0x000037a4       0x60 ./ili9320.o
                0x000037a4                LCD_SetArea
 .text.LCD_PutPixel
                0x00003804       0x10 ./ili9320.o
                0x00003804                LCD_PutPixel
 .text.LCD_Rect
                0x00003814       0x78 ./ili9320.o
                0x00003814                LCD_Rect
 .text.LCD_Clear
                0x0000388c       0x20 ./ili9320.o
                0x0000388c                LCD_Clear
 .text.LCD_DrawSymbol
                0x000038ac       0xc8 ./ili9320.o
                0x000038ac                LCD_DrawSymbol
 .text.LCD_DrawImage
                0x00003974       0x44 ./ili9320.o
                0x00003974                LCD_DrawImage
 .text.out_bcd_byte
                0x000039b8       0x1a ./main.o
                0x000039b8                out_bcd_byte
 .text.out_hour_minute_seconds_hseconds_time
                0x000039d2       0x6a ./main.o
                0x000039d2                out_hour_minute_seconds_hseconds_time
 .text.readOpen
                0x00003a3c       0x94 ./main.o
                0x00003a3c                readOpen
 .text.readByte
                0x00003ad0      0x13a ./main.o
                0x00003ad0                readByte
 .text.readImage
                0x00003c0a      0x11c ./main.o
                0x00003c0a                readImage
 .text.selftest
                0x00003d26       0x50 ./main.o
                0x00003d26                selftest
 .text.startup.main
                0x00003d76      0x144 ./main.o
                0x00003d76                main
 .text.MCP4725_WriteDAC
                0x00003eba       0x2e ./mcp4725.o
                0x00003eba                MCP4725_WriteDAC
 .text.PCF8583_ReadTime
                0x00003ee8       0x76 ./pcf8583.o
                0x00003ee8                PCF8583_ReadTime
 .text.PCF8583_SetTime
                0x00003f5e       0x5e ./pcf8583.o
                0x00003f5e                PCF8583_SetTime
 .text.bcd2dec  0x00003fbc       0x12 ./pcf8583.o
                0x00003fbc                bcd2dec
 .text.dec2bcd  0x00003fce       0x12 ./pcf8583.o
                0x00003fce                dec2bcd
 .text.SD_sendCommand
                0x00003fe0       0x56 ./sd.o
                0x00003fe0                SD_sendCommand
 .text.SD_init  0x00004036       0x88 ./sd.o
                0x00004036                SD_init
 .text.SD_erase
                0x000040be       0x8e ./sd.o
                0x000040be                SD_erase
 .text.SD_readSingleBlock
                0x0000414c       0x68 ./sd.o
                0x0000414c                SD_readSingleBlock
 .text.SD_writeSingleBlock
                0x000041b4       0x9e ./sd.o
                0x000041b4                SD_writeSingleBlock
 .text.spi_init
                0x00004252        0x8 ./spi.o
                0x00004252                spi_init
 .text.SPI_transmit
                0x0000425a        0xa ./spi.o
                0x0000425a                SPI_transmit
 .text.SPI_receive
                0x00004264        0xc ./spi.o
                0x00004264                SPI_receive
 .text.uart_init
                0x00004270       0x1c ./uart.o
                0x00004270                uart_init
 .text.uart_send
                0x0000428c        0x8 ./uart.o
                0x0000428c                uart_send
 .text.usart_putchar_printf
                0x00004294       0x1c ./uart.o
                0x00004294                usart_putchar_printf
 .text.usart_putchar
                0x000042b0        0x4 ./uart.o
                0x000042b0                usart_putchar
 .text.uart_receive
                0x000042b4        0x8 ./uart.o
                0x000042b4                uart_receive
 .text.uart_send_string_from_FLASH
                0x000042bc       0x22 ./uart.o
                0x000042bc                uart_send_string_from_FLASH
 .text.uart_send_string
                0x000042de       0x18 ./uart.o
                0x000042de                uart_send_string
 .text.libgcc.mul
                0x000042f6       0x20 c:/programs/avrtoolchain/bin/../lib/gcc/avr/5.4.0/avr5\libgcc.a(_mulsi3.o)
                0x000042f6                __mulsi3
 .text.libgcc.div
                0x00004316        0x0 c:/programs/avrtoolchain/bin/../lib/gcc/avr/5.4.0/avr5\libgcc.a(_mulsi3.o)
 .text.libgcc   0x00004316        0x0 c:/programs/avrtoolchain/bin/../lib/gcc/avr/5.4.0/avr5\libgcc.a(_mulsi3.o)
 .text.libgcc.prologue
                0x00004316        0x0 c:/programs/avrtoolchain/bin/../lib/gcc/avr/5.4.0/avr5\libgcc.a(_mulsi3.o)
 .text.libgcc.builtins
                0x00004316        0x0 c:/programs/avrtoolchain/bin/../lib/gcc/avr/5.4.0/avr5\libgcc.a(_mulsi3.o)
 .text.libgcc.fmul
                0x00004316        0x0 c:/programs/avrtoolchain/bin/../lib/gcc/avr/5.4.0/avr5\libgcc.a(_mulsi3.o)
 .text.libgcc.fixed
                0x00004316        0x0 c:/programs/avrtoolchain/bin/../lib/gcc/avr/5.4.0/avr5\libgcc.a(_mulsi3.o)
 .text.libgcc.mul
                0x00004316        0x0 c:/programs/avrtoolchain/bin/../lib/gcc/avr/5.4.0/avr5\libgcc.a(_udivmodqi4.o)
 .text.libgcc.div
                0x00004316       0x18 c:/programs/avrtoolchain/bin/../lib/gcc/avr/5.4.0/avr5\libgcc.a(_udivmodqi4.o)
                0x00004316                __udivmodqi4
 .text.libgcc   0x0000432e        0x0 c:/programs/avrtoolchain/bin/../lib/gcc/avr/5.4.0/avr5\libgcc.a(_udivmodqi4.o)
 .text.libgcc.prologue
                0x0000432e        0x0 c:/programs/avrtoolchain/bin/../lib/gcc/avr/5.4.0/avr5\libgcc.a(_udivmodqi4.o)
 .text.libgcc.builtins
                0x0000432e        0x0 c:/programs/avrtoolchain/bin/../lib/gcc/avr/5.4.0/avr5\libgcc.a(_udivmodqi4.o)
 .text.libgcc.fmul
                0x0000432e        0x0 c:/programs/avrtoolchain/bin/../lib/gcc/avr/5.4.0/avr5\libgcc.a(_udivmodqi4.o)
 .text.libgcc.fixed
                0x0000432e        0x0 c:/programs/avrtoolchain/bin/../lib/gcc/avr/5.4.0/avr5\libgcc.a(_udivmodqi4.o)
 .text.libgcc.mul
                0x0000432e        0x0 c:/programs/avrtoolchain/bin/../lib/gcc/avr/5.4.0/avr5\libgcc.a(_udivmodsi4.o)
 .text.libgcc.div
                0x0000432e       0x44 c:/programs/avrtoolchain/bin/../lib/gcc/avr/5.4.0/avr5\libgcc.a(_udivmodsi4.o)
                0x0000432e                __udivmodsi4
 .text.libgcc   0x00004372        0x0 c:/programs/avrtoolchain/bin/../lib/gcc/avr/5.4.0/avr5\libgcc.a(_udivmodsi4.o)
 .text.libgcc.prologue
                0x00004372        0x0 c:/programs/avrtoolchain/bin/../lib/gcc/avr/5.4.0/avr5\libgcc.a(_udivmodsi4.o)
 .text.libgcc.builtins
                0x00004372        0x0 c:/programs/avrtoolchain/bin/../lib/gcc/avr/5.4.0/avr5\libgcc.a(_udivmodsi4.o)
 .text.libgcc.fmul
                0x00004372        0x0 c:/programs/avrtoolchain/bin/../lib/gcc/avr/5.4.0/avr5\libgcc.a(_udivmodsi4.o)
 .text.libgcc.fixed
                0x00004372        0x0 c:/programs/avrtoolchain/bin/../lib/gcc/avr/5.4.0/avr5\libgcc.a(_udivmodsi4.o)
 .text.libgcc.mul
                0x00004372        0x0 c:/programs/avrtoolchain/bin/../lib/gcc/avr/5.4.0/avr5\libgcc.a(_exit.o)
 .text.libgcc.div
                0x00004372        0x0 c:/programs/avrtoolchain/bin/../lib/gcc/avr/5.4.0/avr5\libgcc.a(_exit.o)
 .text.libgcc   0x00004372        0x0 c:/programs/avrtoolchain/bin/../lib/gcc/avr/5.4.0/avr5\libgcc.a(_exit.o)
 .text.libgcc.prologue
                0x00004372        0x0 c:/programs/avrtoolchain/bin/../lib/gcc/avr/5.4.0/avr5\libgcc.a(_exit.o)
 .text.libgcc.builtins
                0x00004372        0x0 c:/programs/avrtoolchain/bin/../lib/gcc/avr/5.4.0/avr5\libgcc.a(_exit.o)
 .text.libgcc.fmul
                0x00004372        0x0 c:/programs/avrtoolchain/bin/../lib/gcc/avr/5.4.0/avr5\libgcc.a(_exit.o)
 .text.libgcc.fixed
                0x00004372        0x0 c:/programs/avrtoolchain/bin/../lib/gcc/avr/5.4.0/avr5\libgcc.a(_exit.o)
 .text.libgcc.mul
                0x00004372        0x0 c:/programs/avrtoolchain/bin/../lib/gcc/avr/5.4.0/avr5\libgcc.a(_copy_data.o)
 .text.libgcc.div
                0x00004372        0x0 c:/programs/avrtoolchain/bin/../lib/gcc/avr/5.4.0/avr5\libgcc.a(_copy_data.o)
 .text.libgcc   0x00004372        0x0 c:/programs/avrtoolchain/bin/../lib/gcc/avr/5.4.0/avr5\libgcc.a(_copy_data.o)
 .text.libgcc.prologue
                0x00004372        0x0 c:/programs/avrtoolchain/bin/../lib/gcc/avr/5.4.0/avr5\libgcc.a(_copy_data.o)
 .text.libgcc.builtins
                0x00004372        0x0 c:/programs/avrtoolchain/bin/../lib/gcc/avr/5.4.0/avr5\libgcc.a(_copy_data.o)
 .text.libgcc.fmul
                0x00004372        0x0 c:/programs/avrtoolchain/bin/../lib/gcc/avr/5.4.0/avr5\libgcc.a(_copy_data.o)
 .text.libgcc.fixed
                0x00004372        0x0 c:/programs/avrtoolchain/bin/../lib/gcc/avr/5.4.0/avr5\libgcc.a(_copy_data.o)
 .text.libgcc.mul
                0x00004372        0x0 c:/programs/avrtoolchain/bin/../lib/gcc/avr/5.4.0/avr5\libgcc.a(_clear_bss.o)
 .text.libgcc.div
                0x00004372        0x0 c:/programs/avrtoolchain/bin/../lib/gcc/avr/5.4.0/avr5\libgcc.a(_clear_bss.o)
 .text.libgcc   0x00004372        0x0 c:/programs/avrtoolchain/bin/../lib/gcc/avr/5.4.0/avr5\libgcc.a(_clear_bss.o)
 .text.libgcc.prologue
                0x00004372        0x0 c:/programs/avrtoolchain/bin/../lib/gcc/avr/5.4.0/avr5\libgcc.a(_clear_bss.o)
 .text.libgcc.builtins
                0x00004372        0x0 c:/programs/avrtoolchain/bin/../lib/gcc/avr/5.4.0/avr5\libgcc.a(_clear_bss.o)
 .text.libgcc.fmul
                0x00004372        0x0 c:/programs/avrtoolchain/bin/../lib/gcc/avr/5.4.0/avr5\libgcc.a(_clear_bss.o)
 .text.libgcc.fixed
                0x00004372        0x0 c:/programs/avrtoolchain/bin/../lib/gcc/avr/5.4.0/avr5\libgcc.a(_clear_bss.o)
 .text.libgcc.mul
                0x00004372       0x1e c:/programs/avrtoolchain/bin/../lib/gcc/avr/5.4.0/avr5\libgcc.a(_umulhisi3.o)
                0x00004372                __umulhisi3
 .text.libgcc.div
                0x00004390        0x0 c:/programs/avrtoolchain/bin/../lib/gcc/avr/5.4.0/avr5\libgcc.a(_umulhisi3.o)
 .text.libgcc   0x00004390        0x0 c:/programs/avrtoolchain/bin/../lib/gcc/avr/5.4.0/avr5\libgcc.a(_umulhisi3.o)
 .text.libgcc.prologue
                0x00004390        0x0 c:/programs/avrtoolchain/bin/../lib/gcc/avr/5.4.0/avr5\libgcc.a(_umulhisi3.o)
 .text.libgcc.builtins
                0x00004390        0x0 c:/programs/avrtoolchain/bin/../lib/gcc/avr/5.4.0/avr5\libgcc.a(_umulhisi3.o)
 .text.libgcc.fmul
                0x00004390        0x0 c:/programs/avrtoolchain/bin/../lib/gcc/avr/5.4.0/avr5\libgcc.a(_umulhisi3.o)
 .text.libgcc.fixed
                0x00004390        0x0 c:/programs/avrtoolchain/bin/../lib/gcc/avr/5.4.0/avr5\libgcc.a(_umulhisi3.o)
 .text.libgcc.mul
                0x00004390       0x16 c:/programs/avrtoolchain/bin/../lib/gcc/avr/5.4.0/avr5\libgcc.a(_muluhisi3.o)
                0x00004390                __muluhisi3
 .text.libgcc.div
                0x000043a6        0x0 c:/programs/avrtoolchain/bin/../lib/gcc/avr/5.4.0/avr5\libgcc.a(_muluhisi3.o)
 .text.libgcc   0x000043a6        0x0 c:/programs/avrtoolchain/bin/../lib/gcc/avr/5.4.0/avr5\libgcc.a(_muluhisi3.o)
 .text.libgcc.prologue
                0x000043a6        0x0 c:/programs/avrtoolchain/bin/../lib/gcc/avr/5.4.0/avr5\libgcc.a(_muluhisi3.o)
 .text.libgcc.builtins
                0x000043a6        0x0 c:/programs/avrtoolchain/bin/../lib/gcc/avr/5.4.0/avr5\libgcc.a(_muluhisi3.o)
 .text.libgcc.fmul
                0x000043a6        0x0 c:/programs/avrtoolchain/bin/../lib/gcc/avr/5.4.0/avr5\libgcc.a(_muluhisi3.o)
 .text.libgcc.fixed
                0x000043a6        0x0 c:/programs/avrtoolchain/bin/../lib/gcc/avr/5.4.0/avr5\libgcc.a(_muluhisi3.o)
 .text.avr-libc
                0x000043a6       0x1e c:/programs/avrtoolchain/bin/../lib/gcc/avr/5.4.0/../../../../avr/lib/avr5\libc.a(strncpy_P.o)
                0x000043a6                strncpy_P
 .text.avr-libc
                0x000043c4       0x16 c:/programs/avrtoolchain/bin/../lib/gcc/avr/5.4.0/../../../../avr/lib/avr5\libc.a(strnlen_P.o)
                0x000043c4                strnlen_P
 .text.avr-libc
                0x000043da       0x28 c:/programs/avrtoolchain/bin/../lib/gcc/avr/5.4.0/../../../../avr/lib/avr5\libc.a(printf.o)
                0x000043da                printf
 .text.avr-libc
                0x00004402        0xe c:/programs/avrtoolchain/bin/../lib/gcc/avr/5.4.0/../../../../avr/lib/avr5\libc.a(putchar.o)
                0x00004402                putchar
 .text.avr-libc
                0x00004410       0x5a c:/programs/avrtoolchain/bin/../lib/gcc/avr/5.4.0/../../../../avr/lib/avr5\libc.a(puts.o)
                0x00004410                puts
 .text.avr-libc
                0x0000446a      0x3a4 c:/programs/avrtoolchain/bin/../lib/gcc/avr/5.4.0/../../../../avr/lib/avr5\libc.a(vfprintf_std.o)
                0x0000446a                vfprintf
 .text.avr-libc
                0x0000480e       0x16 c:/programs/avrtoolchain/bin/../lib/gcc/avr/5.4.0/../../../../avr/lib/avr5\libc.a(strnlen.o)
                0x0000480e                strnlen
 .text.avr-libc
                0x00004824       0x64 c:/programs/avrtoolchain/bin/../lib/gcc/avr/5.4.0/../../../../avr/lib/avr5\libc.a(fputc.o)
                0x00004824                fputc
 .text.avr-libc
                0x00004888       0xbc c:/programs/avrtoolchain/bin/../lib/gcc/avr/5.4.0/../../../../avr/lib/avr5\libc.a(ultoa_invert.o)
                0x00004888                __ultoa_invert
 .text.libgcc.mul
                0x00004944        0x0 c:/programs/avrtoolchain/bin/../lib/gcc/avr/5.4.0/avr5\libgcc.a(_prologue.o)
 .text.libgcc.div
                0x00004944        0x0 c:/programs/avrtoolchain/bin/../lib/gcc/avr/5.4.0/avr5\libgcc.a(_prologue.o)
 .text.libgcc   0x00004944        0x0 c:/programs/avrtoolchain/bin/../lib/gcc/avr/5.4.0/avr5\libgcc.a(_prologue.o)
 .text.libgcc.prologue
                0x00004944       0x38 c:/programs/avrtoolchain/bin/../lib/gcc/avr/5.4.0/avr5\libgcc.a(_prologue.o)
                0x00004944                __prologue_saves__
 .text.libgcc.builtins
                0x0000497c        0x0 c:/programs/avrtoolchain/bin/../lib/gcc/avr/5.4.0/avr5\libgcc.a(_prologue.o)
 .text.libgcc.fmul
                0x0000497c        0x0 c:/programs/avrtoolchain/bin/../lib/gcc/avr/5.4.0/avr5\libgcc.a(_prologue.o)
 .text.libgcc.fixed
                0x0000497c        0x0 c:/programs/avrtoolchain/bin/../lib/gcc/avr/5.4.0/avr5\libgcc.a(_prologue.o)
 .text.libgcc.mul
                0x0000497c        0x0 c:/programs/avrtoolchain/bin/../lib/gcc/avr/5.4.0/avr5\libgcc.a(_epilogue.o)
 .text.libgcc.div
                0x0000497c        0x0 c:/programs/avrtoolchain/bin/../lib/gcc/avr/5.4.0/avr5\libgcc.a(_epilogue.o)
 .text.libgcc   0x0000497c        0x0 c:/programs/avrtoolchain/bin/../lib/gcc/avr/5.4.0/avr5\libgcc.a(_epilogue.o)
 .text.libgcc.prologue
                0x0000497c       0x36 c:/programs/avrtoolchain/bin/../lib/gcc/avr/5.4.0/avr5\libgcc.a(_epilogue.o)
                0x0000497c                __epilogue_restores__
 .text.libgcc.builtins
                0x000049b2        0x0 c:/programs/avrtoolchain/bin/../lib/gcc/avr/5.4.0/avr5\libgcc.a(_epilogue.o)
 .text.libgcc.fmul
                0x000049b2        0x0 c:/programs/avrtoolchain/bin/../lib/gcc/avr/5.4.0/avr5\libgcc.a(_epilogue.o)
 .text.libgcc.fixed
                0x000049b2        0x0 c:/programs/avrtoolchain/bin/../lib/gcc/avr/5.4.0/avr5\libgcc.a(_epilogue.o)
                0x000049b2                . = ALIGN (0x2)
 *(.fini9)
 .fini9         0x000049b2        0x0 c:/programs/avrtoolchain/bin/../lib/gcc/avr/5.4.0/avr5\libgcc.a(_exit.o)
                0x000049b2                _exit
                0x000049b2                exit
 *(.fini9)
 *(.fini8)
 *(.fini8)
 *(.fini7)
 *(.fini7)
 *(.fini6)
 *(.fini6)
 *(.fini5)
 *(.fini5)
 *(.fini4)
 *(.fini4)
 *(.fini3)
 *(.fini3)
 *(.fini2)
 *(.fini2)
 *(.fini1)
 *(.fini1)
 *(.fini0)
 .fini0         0x000049b2        0x4 c:/programs/avrtoolchain/bin/../lib/gcc/avr/5.4.0/avr5\libgcc.a(_exit.o)
 *(.fini0)
                0x000049b6                _etext = .

.data           0x00800060       0x7a load address 0x000049b6
                0x00800060                PROVIDE (__data_start, .)
 *(.data)
 .data          0x00800060        0x0 c:/programs/avrtoolchain/bin/../lib/gcc/avr/5.4.0/../../../../avr/lib/avr5/crtatmega32.o
 .data          0x00800060        0x0 ./fat32.o
 .data          0x00800060        0x0 ./font.o
 .data          0x00800060        0x0 ./graphics.o
 .data          0x00800060        0x0 ./i2c.o
 .data          0x00800060        0x0 ./ili9320.o
 .data          0x00800060        0x0 ./main.o
 .data          0x00800060        0x0 ./mcp4725.o
 .data          0x00800060        0x0 ./pcf8583.o
 .data          0x00800060        0x0 ./sd.o
 .data          0x00800060        0x0 ./spi.o
 .data          0x00800060        0x0 ./uart.o
 .data          0x00800060        0x0 c:/programs/avrtoolchain/bin/../lib/gcc/avr/5.4.0/avr5\libgcc.a(_mulsi3.o)
 .data          0x00800060        0x0 c:/programs/avrtoolchain/bin/../lib/gcc/avr/5.4.0/avr5\libgcc.a(_udivmodqi4.o)
 .data          0x00800060        0x0 c:/programs/avrtoolchain/bin/../lib/gcc/avr/5.4.0/avr5\libgcc.a(_udivmodsi4.o)
 .data          0x00800060        0x0 c:/programs/avrtoolchain/bin/../lib/gcc/avr/5.4.0/avr5\libgcc.a(_exit.o)
 .data          0x00800060        0x0 c:/programs/avrtoolchain/bin/../lib/gcc/avr/5.4.0/avr5\libgcc.a(_copy_data.o)
 .data          0x00800060        0x0 c:/programs/avrtoolchain/bin/../lib/gcc/avr/5.4.0/avr5\libgcc.a(_clear_bss.o)
 .data          0x00800060        0x0 c:/programs/avrtoolchain/bin/../lib/gcc/avr/5.4.0/avr5\libgcc.a(_umulhisi3.o)
 .data          0x00800060        0x0 c:/programs/avrtoolchain/bin/../lib/gcc/avr/5.4.0/avr5\libgcc.a(_muluhisi3.o)
 .data          0x00800060        0x0 c:/programs/avrtoolchain/bin/../lib/gcc/avr/5.4.0/../../../../avr/lib/avr5\libc.a(strncpy_P.o)
 .data          0x00800060        0x0 c:/programs/avrtoolchain/bin/../lib/gcc/avr/5.4.0/../../../../avr/lib/avr5\libc.a(strnlen_P.o)
 .data          0x00800060        0x0 c:/programs/avrtoolchain/bin/../lib/gcc/avr/5.4.0/../../../../avr/lib/avr5\libc.a(iob.o)
 .data          0x00800060        0x0 c:/programs/avrtoolchain/bin/../lib/gcc/avr/5.4.0/../../../../avr/lib/avr5\libc.a(printf.o)
 .data          0x00800060        0x0 c:/programs/avrtoolchain/bin/../lib/gcc/avr/5.4.0/../../../../avr/lib/avr5\libc.a(putchar.o)
 .data          0x00800060        0x0 c:/programs/avrtoolchain/bin/../lib/gcc/avr/5.4.0/../../../../avr/lib/avr5\libc.a(puts.o)
 .data          0x00800060        0x0 c:/programs/avrtoolchain/bin/../lib/gcc/avr/5.4.0/../../../../avr/lib/avr5\libc.a(vfprintf_std.o)
 .data          0x00800060        0x0 c:/programs/avrtoolchain/bin/../lib/gcc/avr/5.4.0/../../../../avr/lib/avr5\libc.a(strnlen.o)
 .data          0x00800060        0x0 c:/programs/avrtoolchain/bin/../lib/gcc/avr/5.4.0/../../../../avr/lib/avr5\libc.a(fputc.o)
 .data          0x00800060        0x0 c:/programs/avrtoolchain/bin/../lib/gcc/avr/5.4.0/../../../../avr/lib/avr5\libc.a(ultoa_invert.o)
 .data          0x00800060        0x0 c:/programs/avrtoolchain/bin/../lib/gcc/avr/5.4.0/avr5\libgcc.a(_prologue.o)
 .data          0x00800060        0x0 c:/programs/avrtoolchain/bin/../lib/gcc/avr/5.4.0/avr5\libgcc.a(_epilogue.o)
 *(.data*)
 .data.FontSpace
                0x00800060        0x1 ./font.o
                0x00800060                FontSpace
 .data.FontYScale
                0x00800061        0x1 ./font.o
                0x00800061                FontYScale
 .data.FontXScale
                0x00800062        0x1 ./font.o
                0x00800062                FontXScale
 .data.BkColor  0x00800063        0x2 ./font.o
                0x00800063                BkColor
 .data._color   0x00800065        0x2 ./ili9320.o
                0x00800065                _color
 .data.mystdout
                0x00800067        0xe ./uart.o
 *(.rodata)
 .rodata        0x00800075       0x10 ./main.o
 *(.rodata*)
 .rodata.str1.1
                0x00800085       0x29 ./fat32.o
 .rodata.str1.1
                0x008000ae       0x2c ./main.o
 *(.gnu.linkonce.d*)
                0x008000da                . = ALIGN (0x2)
                0x008000da                _edata = .
                0x008000da                PROVIDE (__data_end, .)

.bss            0x008000da      0x256
                0x008000da                PROVIDE (__bss_start, .)
 *(.bss)
 .bss           0x008000da        0x0 c:/programs/avrtoolchain/bin/../lib/gcc/avr/5.4.0/../../../../avr/lib/avr5/crtatmega32.o
 .bss           0x008000da        0x0 ./fat32.o
 .bss           0x008000da        0x0 ./font.o
 .bss           0x008000da        0x0 ./graphics.o
 .bss           0x008000da        0x0 ./i2c.o
 .bss           0x008000da        0x0 ./ili9320.o
 .bss           0x008000da        0x0 ./main.o
 .bss           0x008000da        0x0 ./mcp4725.o
 .bss           0x008000da        0x0 ./pcf8583.o
 .bss           0x008000da        0x0 ./sd.o
 .bss           0x008000da        0x0 ./spi.o
 .bss           0x008000da        0x0 ./uart.o
 .bss           0x008000da        0x0 c:/programs/avrtoolchain/bin/../lib/gcc/avr/5.4.0/avr5\libgcc.a(_mulsi3.o)
 .bss           0x008000da        0x0 c:/programs/avrtoolchain/bin/../lib/gcc/avr/5.4.0/avr5\libgcc.a(_udivmodqi4.o)
 .bss           0x008000da        0x0 c:/programs/avrtoolchain/bin/../lib/gcc/avr/5.4.0/avr5\libgcc.a(_udivmodsi4.o)
 .bss           0x008000da        0x0 c:/programs/avrtoolchain/bin/../lib/gcc/avr/5.4.0/avr5\libgcc.a(_exit.o)
 .bss           0x008000da        0x0 c:/programs/avrtoolchain/bin/../lib/gcc/avr/5.4.0/avr5\libgcc.a(_copy_data.o)
 .bss           0x008000da        0x0 c:/programs/avrtoolchain/bin/../lib/gcc/avr/5.4.0/avr5\libgcc.a(_clear_bss.o)
 .bss           0x008000da        0x0 c:/programs/avrtoolchain/bin/../lib/gcc/avr/5.4.0/avr5\libgcc.a(_umulhisi3.o)
 .bss           0x008000da        0x0 c:/programs/avrtoolchain/bin/../lib/gcc/avr/5.4.0/avr5\libgcc.a(_muluhisi3.o)
 .bss           0x008000da        0x0 c:/programs/avrtoolchain/bin/../lib/gcc/avr/5.4.0/../../../../avr/lib/avr5\libc.a(strncpy_P.o)
 .bss           0x008000da        0x0 c:/programs/avrtoolchain/bin/../lib/gcc/avr/5.4.0/../../../../avr/lib/avr5\libc.a(strnlen_P.o)
 .bss           0x008000da        0x0 c:/programs/avrtoolchain/bin/../lib/gcc/avr/5.4.0/../../../../avr/lib/avr5\libc.a(iob.o)
 .bss           0x008000da        0x0 c:/programs/avrtoolchain/bin/../lib/gcc/avr/5.4.0/../../../../avr/lib/avr5\libc.a(printf.o)
 .bss           0x008000da        0x0 c:/programs/avrtoolchain/bin/../lib/gcc/avr/5.4.0/../../../../avr/lib/avr5\libc.a(putchar.o)
 .bss           0x008000da        0x0 c:/programs/avrtoolchain/bin/../lib/gcc/avr/5.4.0/../../../../avr/lib/avr5\libc.a(puts.o)
 .bss           0x008000da        0x0 c:/programs/avrtoolchain/bin/../lib/gcc/avr/5.4.0/../../../../avr/lib/avr5\libc.a(vfprintf_std.o)
 .bss           0x008000da        0x0 c:/programs/avrtoolchain/bin/../lib/gcc/avr/5.4.0/../../../../avr/lib/avr5\libc.a(strnlen.o)
 .bss           0x008000da        0x0 c:/programs/avrtoolchain/bin/../lib/gcc/avr/5.4.0/../../../../avr/lib/avr5\libc.a(fputc.o)
 .bss           0x008000da        0x0 c:/programs/avrtoolchain/bin/../lib/gcc/avr/5.4.0/../../../../avr/lib/avr5\libc.a(ultoa_invert.o)
 .bss           0x008000da        0x0 c:/programs/avrtoolchain/bin/../lib/gcc/avr/5.4.0/avr5\libgcc.a(_prologue.o)
 .bss           0x008000da        0x0 c:/programs/avrtoolchain/bin/../lib/gcc/avr/5.4.0/avr5\libgcc.a(_epilogue.o)
 *(.bss*)
 .bss.cursorY   0x008000da        0x2 ./font.o
                0x008000da                cursorY
 .bss.cursorX   0x008000dc        0x2 ./font.o
                0x008000dc                cursorX
 .bss.NonTransparence
                0x008000de        0x1 ./font.o
                0x008000de                NonTransparence
 .bss.FontFixed
                0x008000df        0x1 ./font.o
                0x008000df                FontFixed
 .bss.FgColor   0x008000e0        0x2 ./font.o
                0x008000e0                FgColor
 .bss.rot       0x008000e2        0x1 ./font.o
                0x008000e2                rot
 *(COMMON)
 COMMON         0x008000e3      0x22f ./fat32.o
                0x008000e3                appendFileLocation
                0x008000e7                firstDataSector
                0x008000eb                fileSize
                0x008000ef                bytesPerSector
                0x008000f1                totalClusters
                0x008000f5                rootCluster
                0x008000f9                startBlock
                0x008000fd                buffer
                0x008002fd                sectorPerCluster
                0x008002ff                unusedSectors
                0x00800303                totalBlocks
                0x00800307                reservedSectorCount
                0x00800309                appendStartCluster
                0x0080030d                freeClusterCountUpdated
                0x0080030e                appendFileSector
 COMMON         0x00800312        0x4 ./font.o
                0x00800312                FontWidth
                0x00800313                FontHeight
                0x00800314                FontPointer
 COMMON         0x00800316       0x14 ./main.o
                0x00800316                READ_byteCounter
                0x0080031a                READ_error
                0x0080031b                READ_k
                0x0080031d                READ_fileSize
                0x00800321                READ_firstSector
                0x00800325                READ_j
                0x00800326                READ_cluster
 COMMON         0x0080032a        0x6 c:/programs/avrtoolchain/bin/../lib/gcc/avr/5.4.0/../../../../avr/lib/avr5\libc.a(iob.o)
                0x0080032a                __iob
                0x00800330                PROVIDE (__bss_end, .)
                0x000049b6                __data_load_start = LOADADDR (.data)
                0x00004a30                __data_load_end = (__data_load_start + SIZEOF (.data))

.noinit         0x00800330        0x0
                0x00800330                PROVIDE (__noinit_start, .)
 *(.noinit*)
                0x00800330                PROVIDE (__noinit_end, .)
                0x00800330                _end = .
                0x00800330                PROVIDE (__heap_start, .)

.eeprom         0x00810000        0x0
 *(.eeprom*)
                0x00810000                __eeprom_end = .

.fuse
 *(.fuse)
 *(.lfuse)
 *(.hfuse)
 *(.efuse)

.lock
 *(.lock*)

.signature
 *(.signature*)

.user_signatures
 *(.user_signatures*)

.stab
 *(.stab)

.stabstr
 *(.stabstr)

.stab.excl
 *(.stab.excl)

.stab.exclstr
 *(.stab.exclstr)

.stab.index
 *(.stab.index)

.stab.indexstr
 *(.stab.indexstr)

.comment        0x00000000       0x8c
 *(.comment)
 .comment       0x00000000       0x30 ./fat32.o
                                 0x31 (size before relaxing)
 .comment       0x00000000       0x31 ./font.o
 .comment       0x00000000       0x31 ./graphics.o
 .comment       0x00000000       0x31 ./i2c.o
 .comment       0x00000000       0x31 ./ili9320.o
 .comment       0x00000000       0x31 ./main.o
 .comment       0x00000000       0x31 ./mcp4725.o
 .comment       0x00000000       0x31 ./pcf8583.o
 .comment       0x00000000       0x31 ./sd.o
 .comment       0x00000000       0x31 ./spi.o
 .comment       0x00000000       0x31 ./uart.o
 .comment       0x00000030       0x30 c:/programs/avrtoolchain/bin/../lib/gcc/avr/5.4.0/../../../../avr/lib/avr5\libc.a(iob.o)
                                 0x31 (size before relaxing)
 .comment       0x00000000       0x31 c:/programs/avrtoolchain/bin/../lib/gcc/avr/5.4.0/../../../../avr/lib/avr5\libc.a(printf.o)
 .comment       0x00000000       0x31 c:/programs/avrtoolchain/bin/../lib/gcc/avr/5.4.0/../../../../avr/lib/avr5\libc.a(putchar.o)
 .comment       0x00000000       0x31 c:/programs/avrtoolchain/bin/../lib/gcc/avr/5.4.0/../../../../avr/lib/avr5\libc.a(puts.o)
 .comment       0x00000060       0x2c c:/programs/avrtoolchain/bin/../lib/gcc/avr/5.4.0/../../../../avr/lib/avr5\libc.a(vfprintf_std.o)
                                 0x2d (size before relaxing)
 .comment       0x00000000       0x31 c:/programs/avrtoolchain/bin/../lib/gcc/avr/5.4.0/../../../../avr/lib/avr5\libc.a(fputc.o)

.note.gnu.avr.deviceinfo
                0x00000000       0x3c
 .note.gnu.avr.deviceinfo
                0x00000000       0x3c c:/programs/avrtoolchain/bin/../lib/gcc/avr/5.4.0/../../../../avr/lib/avr5/crtatmega32.o

.note.gnu.build-id
 *(.note.gnu.build-id)

.debug
 *(.debug)

.line
 *(.line)

.debug_srcinfo
 *(.debug_srcinfo)

.debug_sfnames
 *(.debug_sfnames)

.debug_aranges
 *(.debug_aranges)

.debug_pubnames
 *(.debug_pubnames)

.debug_info     0x00000000      0x4e6
 *(.debug_info .gnu.linkonce.wi.*)
 .debug_info    0x00000000      0x4e6 c:/programs/avrtoolchain/bin/../lib/gcc/avr/5.4.0/../../../../avr/lib/avr5/crtatmega32.o

.debug_abbrev   0x00000000      0x4a3
 *(.debug_abbrev)
 .debug_abbrev  0x00000000      0x4a3 c:/programs/avrtoolchain/bin/../lib/gcc/avr/5.4.0/../../../../avr/lib/avr5/crtatmega32.o

.debug_line     0x00000000       0x1a
 *(.debug_line .debug_line.* .debug_line_end)
 .debug_line    0x00000000       0x1a c:/programs/avrtoolchain/bin/../lib/gcc/avr/5.4.0/../../../../avr/lib/avr5/crtatmega32.o

.debug_frame
 *(.debug_frame)

.debug_str      0x00000000      0x196
 *(.debug_str)
 .debug_str     0x00000000      0x196 c:/programs/avrtoolchain/bin/../lib/gcc/avr/5.4.0/../../../../avr/lib/avr5/crtatmega32.o

.debug_loc
 *(.debug_loc)

.debug_macinfo
 *(.debug_macinfo)

.debug_weaknames
 *(.debug_weaknames)

.debug_funcnames
 *(.debug_funcnames)

.debug_typenames
 *(.debug_typenames)

.debug_varnames
 *(.debug_varnames)

.debug_pubtypes
 *(.debug_pubtypes)

.debug_ranges
 *(.debug_ranges)

.debug_macro
 *(.debug_macro)
OUTPUT(RejestratorILI9320.elf elf32-avr)
LOAD linker stubs
